[himsiunair.com/index.html]
[backblue.gif]
[fade.gif]
[index.html]
[himsiunair.com/font-awesome/css/font-awesome.min.css]
[himsiunair.com/material-icons/material-icons.css]
[himsiunair.com/css/materialize.min.css]
[himsiunair.com/css/navbarfooter.css]
[himsiunair.com/css/user/about.css]
[himsiunair.com/css/responsive-client.css]
[himsiunair.com/image/brandhimsi2.png]
[himsiunair.com/beranda.html]
[himsiunair.com/alumni.html]
[himsiunair.com/berita.html]
[himsiunair.com/akademik.html]
[himsiunair.com/katalog.html]
[himsiunair.com/image/Fondasi.png]
[himsiunair.com/image/foto_bidang/BPH.jpg]
[himsiunair.com/image/foto_bidang/KETUA.jpg]
[himsiunair.com/image/foto_bidang/WAKIL.jpg]
[himsiunair.com/image/foto_bidang/SEKERTARIS1.jpg]
[himsiunair.com/image/foto_bidang/SERA.jpg]
[himsiunair.com/image/foto_bidang/KEILMUAN.jpg]
[himsiunair.com/image/foto_bidang/KESTARI.jpg]
[himsiunair.com/index.html]
[himsiunair.com/favicon.ico]
[himsiunair.com/js/materialize.min.js]
[himsiunair.com/font-awesome/fonts/fontawesome-webfontd41d.eot]
[himsiunair.com/font-awesome/fonts/fontawesome-webfont3e6e.eot]
[himsiunair.com/font-awesome/fonts/fontawesome-webfont3e6e.woff2]
[himsiunair.com/font-awesome/fonts/fontawesome-webfont3e6e.woff]
[himsiunair.com/font-awesome/fonts/fontawesome-webfont3e6e.ttf]
[himsiunair.com/font-awesome/css/font-awesome.min.css]
[himsiunair.com/material-icons/MaterialIcons-Regular.eot]
[himsiunair.com/material-icons/MaterialIcons-Regular.woff2]
[himsiunair.com/material-icons/MaterialIcons-Regular.woff]
[himsiunair.com/material-icons/MaterialIcons-Regular.ttf]
[himsiunair.com/material-icons/material-icons.css]
[himsiunair.com/css/materialize.min.css]
[himsiunair.com/css/navbarfooter.css]
[himsiunair.com/css/user/about.css]
[himsiunair.com/css/responsive-client.css]
[himsiunair.com/css/home.css]
[himsiunair.com/css/timeline.css]
[himsiunair.com/uploads/carousel/mukernas.jpg]
[himsiunair.com/uploads/carousel/foto_kabinet.jpg]
[himsiunair.com/berita/36/details.html]
[himsiunair.com/uploads/news/9c38789885b0c878ae6947f92ecb507c.2e.delayed]
[himsiunair.com/berita/33/details.html]
[himsiunair.com/uploads/news/aff1b74fb59fb5148bcbe957ef229066.30.delayed]
[himsiunair.com/berita/32/details.html]
[himsiunair.com/uploads/news/709dfbbce9ce01e4b67893e9b86e8054.jpeg]
[himsiunair.com/beranda2679.html]
[himsiunair.com/beranda4658.html]
[himsiunair.com/beranda9ba9.html]
[himsiunair.com/berandafdb0.html]
[himsiunair.com/berandaaf4d.html]
[himsiunair.com/berandac575.html]
[himsiunair.com/beranda235c.html]
[himsiunair.com/js/timeline.js]
[himsiunair.com/current_url]
[himsiunair.com/beranda.html]
[himsiunair.com/css/user/alumni.css]
[maxcdn.bootstrapcdn.com/bootstrap/3.3.6/css/bootstrap.min.css]
[maxcdn.bootstrapcdn.com/bootstrap/3.3.7/js/bootstrap.min.js]
[himsiunair.com/image/tess.jpg]
[himsiunair.com/alumni4658.html]
[himsiunair.com/alumni9ba9.html]
[himsiunair.com/alumnifdb0.html]
[ajax.googleapis.com/ajax/libs/jquery/3.1.0/jquery.min.js]
[himsiunair.com/alumni.html]
[himsiunair.com/js/fetcher.js]
[himsiunair.com/berita/31/details.html]
[himsiunair.com/uploads/news/ed8495fbb9ef021e02d2481862c15f7f.jpeg]
[himsiunair.com/berita/30/details.html]
[himsiunair.com/uploads/news/f710d5bc01d26f4e4061e7832f3b9891.jpeg]
[himsiunair.com/berita/28/details.html]
[himsiunair.com/uploads/news/0086cb154d0f1368814020e6a226a691.jpeg]
[himsiunair.com/berita/26/details.html]
[himsiunair.com/uploads/news/17da7c0b5b9d3457a3a8b2803841feb0.jpeg]
[himsiunair.com/berita/24/details.html]
[himsiunair.com/uploads/news/7d92ef0a8b48c6a0d4db40b4feeb3fd8.jpeg]
[himsiunair.com/berita/23/details.html]
[himsiunair.com/uploads/news/347ccbc5f21348d3c27da291abd68954.jpeg]
[himsiunair.com/berita/22/details.html]
[himsiunair.com/uploads/news/607dfaf3b410c063b4a843cd27d7c765.jpeg]
[himsiunair.com/berita/21/details.html]
[himsiunair.com/uploads/news/3499aec135588265530cbc300613c342.jpeg]
[himsiunair.com/berita2679.html]
[himsiunair.com/berita4658.html]
[himsiunair.com/berita.html]
[himsiunair.com/berita9ba9.html]
[himsiunair.com/image/icon/academic/academic3.png]
[himsiunair.com/image/icon/academic/academic2.png]
[himsiunair.com/image/icon/academic/academic4.png]
[himsiunair.com/image/icon/academic/academic1.png]
[himsiunair.com/image/icon/academic/academic5.png]
[himsiunair.com/akademik.html]
[himsiunair.com/css/user/katalog.css]
[himsiunair.com/katalog/2/view.html]
[himsiunair.com/uploads/katalog/2/327988.jpg]
[himsiunair.com/katalog/5/view.html]
[himsiunair.com/uploads/katalog/5/1540978601936.jpg]
[himsiunair.com/katalog/6/view.html]
[himsiunair.com/uploads/katalog/6/1540978606271.jpg]
[himsiunair.com/katalog/7/view.html]
[himsiunair.com/uploads/katalog/7/1540978608436.jpg]
[himsiunair.com/katalog/8/view.html]
[himsiunair.com/katalog/9/view.html]
[himsiunair.com/uploads/katalog/9/1540978609848.jpg]
[himsiunair.com/katalog/12/view.html]
[himsiunair.com/uploads/katalog/12/1.jpg]
[himsiunair.com/katalog.html]
[himsiunair.com/image/foto_bidang/SEKERTARIS2.jpeg]
[himsiunair.com/image/foto_bidang/PSDM.jpeg]
[himsiunair.com/image/foto_bidang/BENDAHARA1.jpeg]
[himsiunair.com/image/foto_bidang/BENDAHARA2.jpeg]
[himsiunair.com/image/foto_bidang/RISTEK.jpeg]
[himsiunair.com/css/home.css]
[himsiunair.com/css/timeline.css]
[himsiunair.com/berita/36/details.html]
[himsiunair.com/css/user/detail-news.css]
[himsiunair.com/uploads/news/9c38789885b0c878ae6947f92ecb507c.html]
[himsiunair.com/berita/33/details.html]
[himsiunair.com/uploads/news/aff1b74fb59fb5148bcbe957ef229066.html]
[himsiunair.com/berita/32/details.html]
[himsiunair.com/uploads/news/709dfbbce9ce01e4b67893e9b86e8054.html]
[himsiunair.com/beranda2679.html]
[himsiunair.com/beranda4658.html]
[himsiunair.com/beranda9ba9.html]
[himsiunair.com/berita/20/details.html]
[himsiunair.com/uploads/news/63c296af8ae6e84101ebcf33c2c4b6f2.jpeg]
[himsiunair.com/berita/34/details]
[himsiunair.com/font-awesome/fonts/fontawesome-webfont3e6e.svg]
[himsiunair.com/uploads/news/ca42d34c123041e7ee469be6d2c02bdc.jpeg]
[himsiunair.com/berita/19/details.html]
[himsiunair.com/uploads/news/598d07e7761f5bca3a3f78e95b6db422.png]
[himsiunair.com/berita/18/details.html]
[himsiunair.com/uploads/news/2f91ddfbcb19726cf6d7d026bb5914ba.jpg]
[himsiunair.com/berita/17/details.html]
[himsiunair.com/uploads/news/6607b4bc1f4c5df147397fff0e87b5a8.png]
[himsiunair.com/berandafdb0.html]
[himsiunair.com/berita/16/details.html]
[himsiunair.com/uploads/news/6935869c1a31bb22cd2127ca0c957609.jpg]
[himsiunair.com/berita/15/details.html]
[himsiunair.com/uploads/news/0f0e206135f0d770c721207c045aecaf.jpg]
[himsiunair.com/berita/14/details.html]
[himsiunair.com/uploads/news/4dbf14201f003194e439bb8f4a3921f0.jpg]
[himsiunair.com/berita/13/details.html]
[himsiunair.com/uploads/news/d6a5d47c69e14066e4a37f4d638c8aa5.jpg]
[himsiunair.com/berandaaf4d.html]
[himsiunair.com/berita/12/details.html]
[himsiunair.com/uploads/news/9ccad44aa5c338a6e25ad4b8fc84bdfb.png]
[himsiunair.com/berita/11/details.html]
[himsiunair.com/berita/10/details.html]
[himsiunair.com/uploads/news/aae0d5a73d126c1ef9fa8246008187b3.png]
[himsiunair.com/berita/8/details.html]
[himsiunair.com/uploads/news/e00e56089f243ad8ef0840c546902121.jpg]
[himsiunair.com/berandac575.html]
[himsiunair.com/berita/7/details.html]
[himsiunair.com/uploads/news/ff958be56f360c28d63acd6e4b22a1f5.jpg]
[himsiunair.com/berita/6/details.html]
[himsiunair.com/uploads/news/b228f7ae588e1fa49e45a215cf829429.jpg]
[himsiunair.com/beranda235c.html]
[himsiunair.com/current_url.html]
[himsiunair.com/css/user/alumni.css]
[maxcdn.bootstrapcdn.com/bootstrap/3.3.6/css/bootstrap.min.css]
[himsiunair.com/alumni4658.html]
[himsiunair.com/alumni9ba9.html]
[himsiunair.com/alumnifdb0.html]
[himsiunair.com/berita/31/details.html]
[himsiunair.com/uploads/news/ed8495fbb9ef021e02d2481862c15f7f.html]
[himsiunair.com/berita/30/details.html]
[himsiunair.com/uploads/news/f710d5bc01d26f4e4061e7832f3b9891.html]
[himsiunair.com/berita/28/details.html]
[himsiunair.com/uploads/news/0086cb154d0f1368814020e6a226a691.html]
[himsiunair.com/berita/26/details.html]
[himsiunair.com/uploads/news/17da7c0b5b9d3457a3a8b2803841feb0.html]
[himsiunair.com/berita/24/details.html]
[himsiunair.com/uploads/news/7d92ef0a8b48c6a0d4db40b4feeb3fd8.html]
[himsiunair.com/berita/23/details.html]
[himsiunair.com/uploads/news/347ccbc5f21348d3c27da291abd68954.html]
[himsiunair.com/berita/22/details.html]
[himsiunair.com/uploads/news/607dfaf3b410c063b4a843cd27d7c765.html]
[himsiunair.com/berita/21/details.html]
[himsiunair.com/uploads/news/3499aec135588265530cbc300613c342.html]
[himsiunair.com/berita2679.html]
[himsiunair.com/berita4658.html]
[himsiunair.com/berita9ba9.html]
[himsiunair.com/alumni2679.html]
[himsiunair.com/css/user/katalog.css]
[himsiunair.com/katalog/2/view.html]
[himsiunair.com/katalog/5/view.html]
[himsiunair.com/katalog/6/view.html]
[himsiunair.com/katalog/7/view.html]
[himsiunair.com/katalog/8/view.html]
[himsiunair.com/katalog/9/view.html]
[himsiunair.com/uploads/katalog/8/1540978603506.jpg]
[himsiunair.com/css/admin/katalog/index.css]
[himsiunair.com/uploads/katalog/12/2.jpg]
[himsiunair.com/katalog/12/view.html]
[himsiunair.com/font-awesome/fonts/fontawesome-webfont3e6e.svg]
[himsiunair.com/css/user/detail-news.css]
[himsiunair.com/uploads/news/63c296af8ae6e84101ebcf33c2c4b6f2.jpeg]
[himsiunair.com/berita/34/details]
[himsiunair.com/berita/20/details.html]
[himsiunair.com/uploads/news/ca42d34c123041e7ee469be6d2c02bdc.html]
[himsiunair.com/berita/19/details.html]
[himsiunair.com/uploads/news/598d07e7761f5bca3a3f78e95b6db422.html]
[himsiunair.com/berita/18/details.html]
[himsiunair.com/berita/17/details.html]
[himsiunair.com/berita/16/details.html]
[himsiunair.com/berita/15/details.html]
[himsiunair.com/berita/14/details.html]
[himsiunair.com/berita/13/details.html]
[himsiunair.com/berita/12/details.html]
[himsiunair.com/berita/11/details.html]
[himsiunair.com/berita/10/details.html]
[himsiunair.com/photos/4/foto-bulan-hitam-pernah-terjadi-menjelang-halloween.jpg]
[himsiunair.com/berita/8/details.html]
[himsiunair.com/berita/7/details.html]
[himsiunair.com/berita/6/details.html]
[himsiunair.com/alumni2679.html]
[himsiunair.com/css/admin/katalog/index.css]
[himsiunair.com/image/foto_bidang/INFOKOM.jpeg]
[himsiunair.com/js/jquery-3.2.1.min.js]
[himsiunair.com/photos/4/foto-bulan-hitam-pernah-terjadi-menjelang-halloween.html]
